// Jest Snapshot v1, https://goo.gl/fbAQLP

exports[`Testing GifGrid component should mach with snapshot 1`] = `
<Fragment>
  <h3
    key="saitama gif"
  >
    saitama gif
  </h3>
  <p
    className="card animate__animated animate__flash"
  >
    Loading...
  </p>
  <div
    className="card-grid card animate__animated animate__fadeIn"
  />
</Fragment>
`;
